
> site-itc@0.0.1 build
> astro build

